2024-10-16 16:45:56 [   DEBUG] Using proactor: IocpProactor (proactor_events.py:634)
